<?xml version='1.0' encoding='utf-8'?>
<testsuites name="cocotb tests"><testsuite name="reciprocal_maker_tb" errors="0" failures="0" skipped="0" tests="1" time="37.636" timestamp="2026-10-03T08:07:13.419640+00:00" hostname="codespaces-73da7d"><testcase classname="reciprocal_maker_tb" name="main_test" time="37.636"><properties><property name="cocotb" value="True" /><property name="random_seed" value="1791014795" /><property name="file" value="/workspaces/zynq-tile-rasterizer/tb/reciprocal_maker_tb.py" /><property name="line" value="58" /><property name="sim_time_unit" value="ns" /><property name="sim_time_start" value="0.0" /><property name="sim_time_stop" value="1000020.0" /><property name="sim_time_duration" value="1000020.0" /><property name="sim_time_ratio" value="26570.507543747553" /></properties></testcase></testsuite></testsuites>